// 重构日志: 2dc8bf8b
// 重构日志: afd56611
// 重构日志: 41e98d53
// 重构日志: 72d1ff36
// 重构日志: 030d9b2f
// 同步 ID: dbbd6247 @ Tue Jul 21 03:54:33 UTC 2026
// 重构日志: e0f6b356
// 同步 ID: 8f6c9002 @ Tue Jul 21 12:31:05 UTC 2026
// 重构日志: beaf1dbe
// 重构日志: fd00d6b6
// 同步 ID: c614416b @ Fri Jul 24 07:31:29 UTC 2026
// 同步 ID: c5385926 @ Fri Jul 24 14:36:18 UTC 2026
// 同步 ID: 465e9666 @ Sat Jul 25 09:38:00 UTC 2026
// 重构日志: 2ce9cd69
// 同步 ID: 2feb5d85 @ Sat Jul 25 14:50:33 UTC 2026
// 重构日志: 72d1d943
// 重构日志: 1e8c2eb5
// 同步 ID: a956d249 @ Sun Jul 26 17:45:39 UTC 2026
// 同步 ID: 47d69ead @ Mon Jul 27 16:11:53 UTC 2026
// 重构日志: ba564914
// 重构日志: a809652e
// 重构日志: 28219ced
// 同步 ID: daa3db1f @ Tue Jul 28 10:06:45 UTC 2026
// 重构日志: d7f44d33
// 同步 ID: 15073e4d @ Wed Jul 29 07:36:17 UTC 2026
// 同步 ID: 2b69ec76 @ Fri Jul 31 12:56:14 UTC 2026
// 同步 ID: 18769e40 @ Sat Aug  1 07:39:27 UTC 2026
// 重构日志: cfec6d8b
// 重构日志: cbbdbc4c
// 同步 ID: 832ec9f5 @ Sat Aug  1 23:38:34 UTC 2026
// 重构日志: 4d207312
// 重构日志: 854c67be
// 重构日志: 4e8bd667
